[===Results===]
0	RRRRRRRRRRRRRRRRRRRRR________
1	.RRRRRRR.R.R.R.R.R.R.R.RRRRRR
2	....RRR______________________
3	.......RRR......RRRRRRRRRR___
4	........................RR___
5	..........RRRR_______________
6	..............RR_____________
7	................R.R.R________
8	.....................RRR_____
9	.....................RRRRRR__
