[===Results===]
0	RRRRRRRRRRR__________________
1	...........RRRRRRRRR_________
