[===Results===]
0	RRRRRR.......RRRRR___________
1	..RRRRRRRRRRR________________
2	....RR.R.R.R.RRRRRR__________
3	......RRRRRRRRRRR____________
