[===Results===]
0	RRRRRRRRRRRRRRRRRRR__________
1	.RRRRRRRRRRRRRRRR____________
2	...RRRRR..RRRR..RRRRR________
3	....RRR______________________
4	.......RRR___________________
5	........RR___________________
6	..........RRRR_______________
7	...........RRR_______________
8	..............RRR____________
9	..............RR_____________
