[===Results===]
0	RRRRRRRRRRRRRRRRRRR__________
1	.RRRRRRRRRR.RR..RRRR_________
2	...RRRRR..R.RR.RRRRRR________
3	....RRR______________________
4	.......RRRRR_________________
5	........RR___________________
6	..........R.RR..R____________
7	...........RRR_______________
8	..............RRR____________
9	..............RR_____________
